// Jest Snapshot v1, https://goo.gl/fbAQLP

exports[`Indecision component test should do match with snapshot 1`] = `
<!--v-if-->
<div class="bg-dark"></div>
<div class="indecition-container"><input type="text" placeholder="Ask me a question">
  <p>Remember finish it with "?" symbol</p>
  <!--v-if-->
</div>
`;
